// Jest Snapshot v1, https://goo.gl/fbAQLP

exports[`<About /> mesma snapshot 1`] = `
<section>
  <h2>
    About Pokédex
  </h2>
  <section>
    <p>
      This application simulates a Pokédex, a digital encyclopedia containing all Pokémon
    </p>
    <p>
      One can filter Pokémon by type, and see more details for each one of them
    </p>
    <img
      alt="Pokédex"
      class="pokedex-image"
      src="https://cdn2.bulbagarden.net/upload/thumb/8/86/Gen_I_Pok%C3%A9dex.png/800px-Gen_I_Pok%C3%A9dex.png"
    />
  </section>
</section>
`;
